-----------------------------------------------------------------------
Test 2/0
-----------------------------------------------------------------------
Shapefile Type: NullShape   # of Shapes: 2

File Bounds: (0,0,0,0)
         to  (10,20,0,0)

Shape:0 (NullShape)  nVertices=0, nParts=0
  Bounds:(0,0, 0)
      to (0,0, 0)

Shape:1 (NullShape)  nVertices=0, nParts=0
  Bounds:(0,0, 0)
      to (0,0, 0)
-----------------------------------------------------------------------
Test 2/1
-----------------------------------------------------------------------
Shapefile Type: Point   # of Shapes: 2

File Bounds: (1,2,0,0)
         to  (10,20,0,0)

Shape:0 (Point)  nVertices=1, nParts=0
  Bounds:(1,2, 0)
      to (1,2, 0)
     (1,2, 0)  

Shape:1 (Point)  nVertices=1, nParts=0
  Bounds:(10,20, 0)
      to (10,20, 0)
     (10,20, 0)  
-----------------------------------------------------------------------
Test 2/2
-----------------------------------------------------------------------
Shapefile Type: PointZ   # of Shapes: 2

File Bounds: (1,2,3,4)
         to  (10,20,30,40)

Shape:0 (PointZ)  nVertices=1, nParts=0
  Bounds:(1,2, 3, 4)
      to (1,2, 3, 4)
     (1,2, 3, 4)  

Shape:1 (PointZ)  nVertices=1, nParts=0
  Bounds:(10,20, 30, 40)
      to (10,20, 30, 40)
     (10,20, 30, 40)  
-----------------------------------------------------------------------
Test 2/3
-----------------------------------------------------------------------
Shapefile Type: PointM   # of Shapes: 2

File Bounds: (1,2,0,4)
         to  (10,20,0,40)

Shape:0 (PointM)  nVertices=1, nParts=0
  Bounds:(1,2, 0, 4)
      to (1,2, 0, 4)
     (1,2, 0, 4)  

Shape:1 (PointM)  nVertices=1, nParts=0
  Bounds:(10,20, 0, 40)
      to (10,20, 0, 40)
     (10,20, 0, 40)  
-----------------------------------------------------------------------
Test 2/4
-----------------------------------------------------------------------
Shapefile Type: MultiPoint   # of Shapes: 3

File Bounds: (1.15,2.25,0,0)
         to  (24.15,25.25,0,0)

Shape:0 (MultiPoint)  nVertices=4, nParts=0
  Bounds:(1.15,2.25, 0)
      to (4.15,5.25, 0)
     (1.15,2.25, 0)  
     (2.15,3.25, 0)  
     (3.15,4.25, 0)  
     (4.15,5.25, 0)  

Shape:1 (MultiPoint)  nVertices=4, nParts=0
  Bounds:(11.15,12.25, 0)
      to (14.15,15.25, 0)
     (11.15,12.25, 0)  
     (12.15,13.25, 0)  
     (13.15,14.25, 0)  
     (14.15,15.25, 0)  

Shape:2 (MultiPoint)  nVertices=4, nParts=0
  Bounds:(21.15,22.25, 0)
      to (24.15,25.25, 0)
     (21.15,22.25, 0)  
     (22.15,23.25, 0)  
     (23.15,24.25, 0)  
     (24.15,25.25, 0)  
-----------------------------------------------------------------------
Test 2/5
-----------------------------------------------------------------------
Shapefile Type: MultiPointZ   # of Shapes: 3

File Bounds: (1.15,2.25,3.35,4.45)
         to  (24.15,25.25,26.35,27.45)

Shape:0 (MultiPointZ)  nVertices=4, nParts=0
  Bounds:(1.15,2.25, 3.35, 4.45)
      to (4.15,5.25, 6.35, 7.45)
     (1.15,2.25, 3.35, 4.45)  
     (2.15,3.25, 4.35, 5.45)  
     (3.15,4.25, 5.35, 6.45)  
     (4.15,5.25, 6.35, 7.45)  

Shape:1 (MultiPointZ)  nVertices=4, nParts=0
  Bounds:(11.15,12.25, 13.35, 14.45)
      to (14.15,15.25, 16.35, 17.45)
     (11.15,12.25, 13.35, 14.45)  
     (12.15,13.25, 14.35, 15.45)  
     (13.15,14.25, 15.35, 16.45)  
     (14.15,15.25, 16.35, 17.45)  

Shape:2 (MultiPointZ)  nVertices=4, nParts=0
  Bounds:(21.15,22.25, 23.35, 24.45)
      to (24.15,25.25, 26.35, 27.45)
     (21.15,22.25, 23.35, 24.45)  
     (22.15,23.25, 24.35, 25.45)  
     (23.15,24.25, 25.35, 26.45)  
     (24.15,25.25, 26.35, 27.45)  
-----------------------------------------------------------------------
Test 2/6
-----------------------------------------------------------------------
Shapefile Type: MultiPointM   # of Shapes: 3

File Bounds: (1.15,2.25,0,4.45)
         to  (24.15,25.25,0,27.45)

Shape:0 (MultiPointM)  nVertices=4, nParts=0
  Bounds:(1.15,2.25, 0, 4.45)
      to (4.15,5.25, 0, 7.45)
     (1.15,2.25, 0, 4.45)  
     (2.15,3.25, 0, 5.45)  
     (3.15,4.25, 0, 6.45)  
     (4.15,5.25, 0, 7.45)  

Shape:1 (MultiPointM)  nVertices=4, nParts=0
  Bounds:(11.15,12.25, 0, 14.45)
      to (14.15,15.25, 0, 17.45)
     (11.15,12.25, 0, 14.45)  
     (12.15,13.25, 0, 15.45)  
     (13.15,14.25, 0, 16.45)  
     (14.15,15.25, 0, 17.45)  

Shape:2 (MultiPointM)  nVertices=4, nParts=0
  Bounds:(21.15,22.25, 0, 24.45)
      to (24.15,25.25, 0, 27.45)
     (21.15,22.25, 0, 24.45)  
     (22.15,23.25, 0, 25.45)  
     (23.15,24.25, 0, 26.45)  
     (24.15,25.25, 0, 27.45)  
-----------------------------------------------------------------------
Test 2/7
-----------------------------------------------------------------------
Shapefile Type: Arc   # of Shapes: 4

File Bounds: (0,0,0,0)
         to  (100,100,0,0)

Shape:0 (Arc)  nVertices=5, nParts=1
  Bounds:(1,1, 0)
      to (2,2, 0)
     (1,1, 0) Ring 
     (2,1, 0)  
     (2,2, 0)  
     (1,2, 0)  
     (1,1, 0)  

Shape:1 (Arc)  nVertices=5, nParts=1
  Bounds:(1,4, 0)
      to (2,5, 0)
     (1,4, 0) Ring 
     (2,4, 0)  
     (2,5, 0)  
     (1,5, 0)  
     (1,4, 0)  

Shape:2 (Arc)  nVertices=5, nParts=1
  Bounds:(1,7, 0)
      to (2,8, 0)
     (1,7, 0) Ring 
     (2,7, 0)  
     (2,8, 0)  
     (1,8, 0)  
     (1,7, 0)  

Shape:3 (Arc)  nVertices=15, nParts=3
  Bounds:(0,0, 0)
      to (100,100, 0)
     (0,0, 0) Ring 
     (0,100, 0)  
     (100,100, 0)  
     (100,0, 0)  
     (0,0, 0)  
   + (10,20, 0) Ring 
     (30,20, 0)  
     (30,40, 0)  
     (10,40, 0)  
     (10,20, 0)  
   + (60,20, 0) Ring 
     (90,20, 0)  
     (90,40, 0)  
     (60,40, 0)  
     (60,20, 0)  
-----------------------------------------------------------------------
Test 2/8
-----------------------------------------------------------------------
Shapefile Type: ArcZ   # of Shapes: 4

File Bounds: (0,0,0,0)
         to  (100,100,27.35,28.45)

Shape:0 (ArcZ)  nVertices=5, nParts=1
  Bounds:(1,1, 3.35, 4.45)
      to (2,2, 7.35, 8.45)
     (1,1, 3.35, 4.45) Ring 
     (2,1, 4.35, 5.45)  
     (2,2, 5.35, 6.45)  
     (1,2, 6.35, 7.45)  
     (1,1, 7.35, 8.45)  

Shape:1 (ArcZ)  nVertices=5, nParts=1
  Bounds:(1,4, 13.35, 14.45)
      to (2,5, 17.35, 18.45)
     (1,4, 13.35, 14.45) Ring 
     (2,4, 14.35, 15.45)  
     (2,5, 15.35, 16.45)  
     (1,5, 16.35, 17.45)  
     (1,4, 17.35, 18.45)  

Shape:2 (ArcZ)  nVertices=5, nParts=1
  Bounds:(1,7, 23.35, 24.45)
      to (2,8, 27.35, 28.45)
     (1,7, 23.35, 24.45) Ring 
     (2,7, 24.35, 25.45)  
     (2,8, 25.35, 26.45)  
     (1,8, 26.35, 27.45)  
     (1,7, 27.35, 28.45)  

Shape:3 (ArcZ)  nVertices=15, nParts=3
  Bounds:(0,0, 0, 0)
      to (100,100, 14, 28)
     (0,0, 0, 0) Ring 
     (0,100, 1, 2)  
     (100,100, 2, 4)  
     (100,0, 3, 6)  
     (0,0, 4, 8)  
   + (10,20, 5, 10) Ring 
     (30,20, 6, 12)  
     (30,40, 7, 14)  
     (10,40, 8, 16)  
     (10,20, 9, 18)  
   + (60,20, 10, 20) Ring 
     (90,20, 11, 22)  
     (90,40, 12, 24)  
     (60,40, 13, 26)  
     (60,20, 14, 28)  
-----------------------------------------------------------------------
Test 2/9
-----------------------------------------------------------------------
Shapefile Type: ArcM   # of Shapes: 4

File Bounds: (0,0,0,0)
         to  (100,100,0,28.45)

Shape:0 (ArcM)  nVertices=5, nParts=1
  Bounds:(1,1, 0, 4.45)
      to (2,2, 0, 8.45)
     (1,1, 0, 4.45) Ring 
     (2,1, 0, 5.45)  
     (2,2, 0, 6.45)  
     (1,2, 0, 7.45)  
     (1,1, 0, 8.45)  

Shape:1 (ArcM)  nVertices=5, nParts=1
  Bounds:(1,4, 0, 14.45)
      to (2,5, 0, 18.45)
     (1,4, 0, 14.45) Ring 
     (2,4, 0, 15.45)  
     (2,5, 0, 16.45)  
     (1,5, 0, 17.45)  
     (1,4, 0, 18.45)  

Shape:2 (ArcM)  nVertices=5, nParts=1
  Bounds:(1,7, 0, 24.45)
      to (2,8, 0, 28.45)
     (1,7, 0, 24.45) Ring 
     (2,7, 0, 25.45)  
     (2,8, 0, 26.45)  
     (1,8, 0, 27.45)  
     (1,7, 0, 28.45)  

Shape:3 (ArcM)  nVertices=15, nParts=3
  Bounds:(0,0, 0, 0)
      to (100,100, 0, 28)
     (0,0, 0, 0) Ring 
     (0,100, 0, 2)  
     (100,100, 0, 4)  
     (100,0, 0, 6)  
     (0,0, 0, 8)  
   + (10,20, 0, 10) Ring 
     (30,20, 0, 12)  
     (30,40, 0, 14)  
     (10,40, 0, 16)  
     (10,20, 0, 18)  
   + (60,20, 0, 20) Ring 
     (90,20, 0, 22)  
     (90,40, 0, 24)  
     (60,40, 0, 26)  
     (60,20, 0, 28)  
-----------------------------------------------------------------------
Test 2/10
-----------------------------------------------------------------------
Shapefile Type: Polygon   # of Shapes: 4

File Bounds: (0,0,0,0)
         to  (100,100,0,0)

Shape:0 (Polygon)  nVertices=5, nParts=1
  Bounds:(1,1, 0)
      to (2,2, 0)
     (1,1, 0) Ring 
     (2,1, 0)  
     (2,2, 0)  
     (1,2, 0)  
     (1,1, 0)  

Shape:1 (Polygon)  nVertices=5, nParts=1
  Bounds:(1,4, 0)
      to (2,5, 0)
     (1,4, 0) Ring 
     (2,4, 0)  
     (2,5, 0)  
     (1,5, 0)  
     (1,4, 0)  

Shape:2 (Polygon)  nVertices=5, nParts=1
  Bounds:(1,7, 0)
      to (2,8, 0)
     (1,7, 0) Ring 
     (2,7, 0)  
     (2,8, 0)  
     (1,8, 0)  
     (1,7, 0)  

Shape:3 (Polygon)  nVertices=15, nParts=3
  Bounds:(0,0, 0)
      to (100,100, 0)
     (0,0, 0) Ring 
     (0,100, 0)  
     (100,100, 0)  
     (100,0, 0)  
     (0,0, 0)  
   + (10,20, 0) Ring 
     (30,20, 0)  
     (30,40, 0)  
     (10,40, 0)  
     (10,20, 0)  
   + (60,20, 0) Ring 
     (90,20, 0)  
     (90,40, 0)  
     (60,40, 0)  
     (60,20, 0)  
-----------------------------------------------------------------------
Test 2/11
-----------------------------------------------------------------------
Shapefile Type: PolygonZ   # of Shapes: 4

File Bounds: (0,0,0,0)
         to  (100,100,27.35,28.45)

Shape:0 (PolygonZ)  nVertices=5, nParts=1
  Bounds:(1,1, 3.35, 4.45)
      to (2,2, 7.35, 8.45)
     (1,1, 3.35, 4.45) Ring 
     (2,1, 4.35, 5.45)  
     (2,2, 5.35, 6.45)  
     (1,2, 6.35, 7.45)  
     (1,1, 7.35, 8.45)  

Shape:1 (PolygonZ)  nVertices=5, nParts=1
  Bounds:(1,4, 13.35, 14.45)
      to (2,5, 17.35, 18.45)
     (1,4, 13.35, 14.45) Ring 
     (2,4, 14.35, 15.45)  
     (2,5, 15.35, 16.45)  
     (1,5, 16.35, 17.45)  
     (1,4, 17.35, 18.45)  

Shape:2 (PolygonZ)  nVertices=5, nParts=1
  Bounds:(1,7, 23.35, 24.45)
      to (2,8, 27.35, 28.45)
     (1,7, 23.35, 24.45) Ring 
     (2,7, 24.35, 25.45)  
     (2,8, 25.35, 26.45)  
     (1,8, 26.35, 27.45)  
     (1,7, 27.35, 28.45)  

Shape:3 (PolygonZ)  nVertices=15, nParts=3
  Bounds:(0,0, 0, 0)
      to (100,100, 14, 28)
     (0,0, 0, 0) Ring 
     (0,100, 1, 2)  
     (100,100, 2, 4)  
     (100,0, 3, 6)  
     (0,0, 4, 8)  
   + (10,20, 5, 10) Ring 
     (30,20, 6, 12)  
     (30,40, 7, 14)  
     (10,40, 8, 16)  
     (10,20, 9, 18)  
   + (60,20, 10, 20) Ring 
     (90,20, 11, 22)  
     (90,40, 12, 24)  
     (60,40, 13, 26)  
     (60,20, 14, 28)  
-----------------------------------------------------------------------
Test 2/12
-----------------------------------------------------------------------
Shapefile Type: PolygonM   # of Shapes: 4

File Bounds: (0,0,0,0)
         to  (100,100,0,28.45)

Shape:0 (PolygonM)  nVertices=5, nParts=1
  Bounds:(1,1, 0, 4.45)
      to (2,2, 0, 8.45)
     (1,1, 0, 4.45) Ring 
     (2,1, 0, 5.45)  
     (2,2, 0, 6.45)  
     (1,2, 0, 7.45)  
     (1,1, 0, 8.45)  

Shape:1 (PolygonM)  nVertices=5, nParts=1
  Bounds:(1,4, 0, 14.45)
      to (2,5, 0, 18.45)
     (1,4, 0, 14.45) Ring 
     (2,4, 0, 15.45)  
     (2,5, 0, 16.45)  
     (1,5, 0, 17.45)  
     (1,4, 0, 18.45)  

Shape:2 (PolygonM)  nVertices=5, nParts=1
  Bounds:(1,7, 0, 24.45)
      to (2,8, 0, 28.45)
     (1,7, 0, 24.45) Ring 
     (2,7, 0, 25.45)  
     (2,8, 0, 26.45)  
     (1,8, 0, 27.45)  
     (1,7, 0, 28.45)  

Shape:3 (PolygonM)  nVertices=15, nParts=3
  Bounds:(0,0, 0, 0)
      to (100,100, 0, 28)
     (0,0, 0, 0) Ring 
     (0,100, 0, 2)  
     (100,100, 0, 4)  
     (100,0, 0, 6)  
     (0,0, 0, 8)  
   + (10,20, 0, 10) Ring 
     (30,20, 0, 12)  
     (30,40, 0, 14)  
     (10,40, 0, 16)  
     (10,20, 0, 18)  
   + (60,20, 0, 20) Ring 
     (90,20, 0, 22)  
     (90,40, 0, 24)  
     (60,40, 0, 26)  
     (60,20, 0, 28)  
-----------------------------------------------------------------------
Test 2/13
-----------------------------------------------------------------------
Shapefile Type: MultiPatch   # of Shapes: 4

File Bounds: (0,0,0,0)
         to  (100,100,27.35,28.45)

Shape:0 (MultiPatch)  nVertices=5, nParts=1
  Bounds:(1,1, 3.35)
      to (2,2, 7.35)
     (1,1, 3.35) Ring 
     (2,1, 4.35)  
     (2,2, 5.35)  
     (1,2, 6.35)  
     (1,1, 7.35)  

Shape:1 (MultiPatch)  nVertices=5, nParts=1
  Bounds:(1,4, 13.35)
      to (2,5, 17.35)
     (1,4, 13.35) Ring 
     (2,4, 14.35)  
     (2,5, 15.35)  
     (1,5, 16.35)  
     (1,4, 17.35)  

Shape:2 (MultiPatch)  nVertices=5, nParts=1
  Bounds:(1,7, 23.35)
      to (2,8, 27.35)
     (1,7, 23.35) Ring 
     (2,7, 24.35)  
     (2,8, 25.35)  
     (1,8, 26.35)  
     (1,7, 27.35)  

Shape:3 (MultiPatch)  nVertices=15, nParts=3
  Bounds:(0,0, 0)
      to (100,100, 14)
     (0,0, 0) Ring 
     (0,100, 1)  
     (100,100, 2)  
     (100,0, 3)  
     (0,0, 4)  
   + (10,20, 5) InnerRing 
     (30,20, 6)  
     (30,40, 7)  
     (10,40, 8)  
     (10,20, 9)  
   + (60,20, 10) InnerRing 
     (90,20, 11)  
     (90,40, 12)  
     (60,40, 13)  
     (60,20, 14)  
